// Jest Snapshot v1, https://goo.gl/fbAQLP

exports[`Test LatestUpdate component should renders correctly 1`] = `
<Fragment>
  <styled__CurrentlyReadingSection>
    <styled__HeaderWrapper>
      <styled__CurrentlyReadingHeader>
        Currently Reading
      </styled__CurrentlyReadingHeader>
      <styled__CurrentlyReadingLink>
        checkout my reading list
      </styled__CurrentlyReadingLink>
    </styled__HeaderWrapper>
    <styled__BookWrapper>
      <styled__BookImgWrapper>
        <styled__BookImgLink
          href="https://www.amazon.com/Domain-Driven-Design-Tackling-Complexity-Software/dp/0321125215/ref=sr_1_1?dchild=1&keywords=domain+driven+design&qid=1609097175&sr=8-1"
          target="_blank"
        >
          <styled__BookImg
            src="/img/example-book-img.jpg"
          />
        </styled__BookImgLink>
      </styled__BookImgWrapper>
      <styled__BookDetailWrapper>
        <styled__BookTitleLink
          href="https://www.amazon.com/Domain-Driven-Design-Tackling-Complexity-Software/dp/0321125215/ref=sr_1_1?dchild=1&keywords=domain+driven+design&qid=1609097175&sr=8-1"
          target="_blank"
        >
          <styled__BookTitle>
            Domain Driven Design: Tackling Complexity in the Heart of Software
          </styled__BookTitle>
        </styled__BookTitleLink>
        <styled__AuthorInfo>
          by Eric Evans
        </styled__AuthorInfo>
      </styled__BookDetailWrapper>
    </styled__BookWrapper>
  </styled__CurrentlyReadingSection>
</Fragment>
`;
