// Jest Snapshot v1, https://goo.gl/fbAQLP

exports[`Test CurrentlyReading component should renders correctly 1`] = `
<styled__CurrentlyReadingSection>
  <styled__HeaderWrapper>
    <styled__CurrentlyReadingHeader>
      Currently Reading
    </styled__CurrentlyReadingHeader>
    <styled__CurrentlyReadingLink
      href="/reading-list"
    >
      check my reading list
    </styled__CurrentlyReadingLink>
  </styled__HeaderWrapper>
  <styled__BookWrapper>
    <styled__BookImgWrapper>
      <styled__BookImg
        src="https:url"
      />
    </styled__BookImgWrapper>
    <styled__BookDetailWrapper>
      <styled__BookTitle>
        Agile Product Management
      </styled__BookTitle>
      <styled__AuthorInfo>
        by Eric Evans
      </styled__AuthorInfo>
    </styled__BookDetailWrapper>
  </styled__BookWrapper>
</styled__CurrentlyReadingSection>
`;
