// Jest Snapshot v1, https://goo.gl/fbAQLP

exports[`Test Intro component should renders correctly 1`] = `
<Fragment>
  <styled__IntroImageWrapper>
    <styled__IntroImage
      src="/img/profile.jpg"
    />
  </styled__IntroImageWrapper>
  <styled__IntroHeaderText>
    Product Manager & Programmer
  </styled__IntroHeaderText>
  <styled__IntroBodyText>
    Product manager during the day, software enginner in the evening
  </styled__IntroBodyText>
</Fragment>
`;
